%%%% HASHDEEP-1.0
%%%% size,md5,sha256,filename
## Invoked from: /home/user
## $ hashdeep -lr hashdeepComp/
## Modified by hashdeep-compare v0.4.0
