%%%% HASHDEEP-1.0
%%%% size,md5,sha256,filename
## Invoked from: /home/user
## $ hashdeep -lr hashdeepComp/
## Modified by hashdeep-compare v0.4.0
4,4692d489b0638e49682df4f46dacd3c3,0c47cda934d53d7ca29d822a59531dcf6d36cbd9740a4fd0b867a0343910a715,hashdeepComp/345.txt
4,e42bb897d0afcdb1f1c46fb5e0c1ad22,fc68f3b1c9b809ce39d3142d79d18a22df73914008f0378eb23a487f12c895de,hashdeepComp/234.txt
4,d2d362cdc6579390f1c0617d74a7913d,cdfba543ee8ef7fdb3d8b587648cc22dd792bbd6272cc5447307c7c106c2374c,hashdeepComp/456.txt
4,ba1f2511fc30423bdbb183fe33f3dd0f,181210f8f9c779c26da1d9b2075bde0127302ee0e3fca38c9a83f5b1dd8e5d3b,hashdeepComp/123.txt
6,aaaaaaaaaaaaaaaaaaaaaaaaaaaaaaaa,bbbbbbbbbbbbbbbbbbbbbbbbbbbbbbbbbbbbbbbbbbbbbbbbbbbbbbbbbbbbbbbb,renameGroupA.txt
6,aaaaaaaaaaaaaaaaaaaaaaaaaaaaaaaa,bbbbbbbbbbbbbbbbbbbbbbbbbbbbbbbbbbbbbbbbbbbbbbbbbbbbbbbbbbbbbbbb,renameGroupB.txt
6,cccccccccccccccccccccccccccccccc,bbbbbbbbbbbbbbbbbbbbbbbbbbbbbbbbbbbbbbbbbbbbbbbbbbbbbbbbbbbbbbbb,onlyInTest1.txt
